2026-09-13 07:15:27,250 | INFO | Starting run: runpod_minimal_20260913_071527
2026-09-13 07:15:27,251 | INFO | Device: cuda
2026-09-13 07:15:27,251 | INFO | Config: {
  "channel": "rayleigh",
  "Nr": 2,
  "Nt": 1,
  "K": 16,
  "Nu": 1,
  "T": 24,
  "cbr": 0.5555,
  "snr_db_range": [
    0,
    10,
    20
  ],
  "embed_dim": 32,
  "depths": [
    1,
    1,
    2,
    1
  ],
  "num_heads": [
    2,
    4,
    8,
    16
  ],
  "dec_depths": [
    1,
    2,
    1,
    1
  ],
  "dec_num_heads": [
    16,
    8,
    4,
    2
  ],
  "patch_size": 4,
  "power": 1.0,
  "data_root": "data/mnist256/all",
  "epochs": 5,
  "batch_size": 16,
  "lr": 0.0001,
  "channel_J": 50,
  "sigma_H_1": 0.01,
  "sigma_H_J": 10.0,
  "channel_hidden_dim": 1024,
  "channel_num_layers": 8,
  "channel_time_dim": 512,
  "score_lr": 0.0002,
  "score_lr_min": 1e-05,
  "score_weight_decay": 0.0001,
  "score_epochs": 500,
  "score_batch_size": 128,
  "score_samples_per_epoch": 2560,
  "alpha": 0.7,
  "time_steps": 50,
  "use_temporal_context": true,
  "J": 5,
  "J_in": 3,
  "L": 1,
  "sigma_D_1": 0.01,
  "sigma_D_J": 10.0
}
2026-09-13 07:15:27,252 | INFO | Channel dimensions: Nr=2, Nt=1, K=16, Nu=1
2026-09-13 07:15:27,252 | INFO | Sigma range: [0.01, 10.0]
2026-09-13 07:15:27,253 | INFO | Continuous log-sigma sampling enabled
2026-09-13 07:15:27,683 | INFO | Trainable parameters: 9,446,400
2026-09-13 07:15:28,248 | INFO | Epochs: 500
2026-09-13 07:15:28,248 | INFO | Batch size: 128
2026-09-13 07:15:28,249 | INFO | Samples per epoch: 2560
2026-09-13 07:15:28,249 | INFO | Steps per epoch: 20
2026-09-13 07:15:28,918 | INFO | Epoch 1/500 | loss=1.000668 | lr=0.00020000 | best=1.000668 | time=0.52s
2026-09-13 07:15:29,427 | INFO | Epoch 2/500 | loss=0.999724 | lr=0.00019999 | best=0.999724 | time=0.25s
2026-09-13 07:15:30,093 | INFO | Epoch 3/500 | loss=0.999405 | lr=0.00019998 | best=0.999405 | time=0.27s
2026-09-13 07:15:30,342 | INFO | Epoch 4/500 | loss=1.000920 | lr=0.00019997 | best=0.999405 | time=0.24s
2026-09-13 07:15:30,584 | INFO | Epoch 5/500 | loss=1.000775 | lr=0.00019995 | best=0.999405 | time=0.23s
2026-09-13 07:15:31,011 | INFO | Epoch 6/500 | loss=0.998498 | lr=0.00019993 | best=0.998498 | time=0.23s
2026-09-13 07:15:31,486 | INFO | Epoch 7/500 | loss=0.998172 | lr=0.00019991 | best=0.998172 | time=0.25s
2026-09-13 07:15:32,074 | INFO | Epoch 8/500 | loss=0.995808 | lr=0.00019988 | best=0.995808 | time=0.24s
2026-09-13 07:15:32,544 | INFO | Epoch 9/500 | loss=0.994480 | lr=0.00019985 | best=0.994480 | time=0.25s
2026-09-13 07:15:33,018 | INFO | Epoch 10/500 | loss=0.992278 | lr=0.00019981 | best=0.992278 | time=0.25s
2026-09-13 07:15:33,445 | INFO | Epoch 11/500 | loss=0.987370 | lr=0.00019977 | best=0.987370 | time=0.25s
2026-09-13 07:15:33,911 | INFO | Epoch 12/500 | loss=0.985147 | lr=0.00019973 | best=0.985147 | time=0.25s
2026-09-13 07:15:34,409 | INFO | Epoch 13/500 | loss=0.982713 | lr=0.00019968 | best=0.982713 | time=0.19s
2026-09-13 07:15:34,858 | INFO | Epoch 14/500 | loss=0.977937 | lr=0.00019963 | best=0.977937 | time=0.25s
2026-09-13 07:15:35,429 | INFO | Epoch 15/500 | loss=0.974265 | lr=0.00019958 | best=0.974265 | time=0.24s
2026-09-13 07:15:36,074 | INFO | Epoch 16/500 | loss=0.972324 | lr=0.00019952 | best=0.972324 | time=0.25s
2026-09-13 07:15:36,553 | INFO | Epoch 17/500 | loss=0.967883 | lr=0.00019946 | best=0.967883 | time=0.25s
2026-09-13 07:15:37,010 | INFO | Epoch 18/500 | loss=0.966478 | lr=0.00019939 | best=0.966478 | time=0.23s
2026-09-13 07:15:37,514 | INFO | Epoch 19/500 | loss=0.964688 | lr=0.00019932 | best=0.964688 | time=0.25s
2026-09-13 07:15:38,065 | INFO | Epoch 20/500 | loss=0.962022 | lr=0.00019925 | best=0.962022 | time=0.25s
2026-09-13 07:15:38,569 | INFO | Epoch 21/500 | loss=0.957231 | lr=0.00019917 | best=0.957231 | time=0.25s
2026-09-13 07:15:39,114 | INFO | Epoch 22/500 | loss=0.957092 | lr=0.00019909 | best=0.957092 | time=0.24s
2026-09-13 07:15:39,597 | INFO | Epoch 23/500 | loss=0.953659 | lr=0.00019901 | best=0.953659 | time=0.25s
2026-09-13 07:15:40,067 | INFO | Epoch 24/500 | loss=0.950227 | lr=0.00019892 | best=0.950227 | time=0.25s
2026-09-13 07:15:40,607 | INFO | Epoch 25/500 | loss=0.948617 | lr=0.00019883 | best=0.948617 | time=0.22s
2026-09-13 07:15:41,110 | INFO | Epoch 26/500 | loss=0.947672 | lr=0.00019874 | best=0.947672 | time=0.27s
2026-09-13 07:15:41,694 | INFO | Epoch 27/500 | loss=0.943211 | lr=0.00019864 | best=0.943211 | time=0.28s
2026-09-13 07:15:42,137 | INFO | Epoch 28/500 | loss=0.941973 | lr=0.00019853 | best=0.941973 | time=0.24s
2026-09-13 07:15:42,740 | INFO | Epoch 29/500 | loss=0.937333 | lr=0.00019843 | best=0.937333 | time=0.24s
2026-09-13 07:15:42,993 | INFO | Epoch 30/500 | loss=0.937936 | lr=0.00019832 | best=0.937333 | time=0.25s
2026-09-13 07:15:43,427 | INFO | Epoch 31/500 | loss=0.933508 | lr=0.00019820 | best=0.933508 | time=0.24s
2026-09-13 07:15:43,852 | INFO | Epoch 32/500 | loss=0.932293 | lr=0.00019809 | best=0.932293 | time=0.24s
2026-09-13 07:15:44,364 | INFO | Epoch 33/500 | loss=0.929557 | lr=0.00019797 | best=0.929557 | time=0.27s
2026-09-13 07:15:44,849 | INFO | Epoch 34/500 | loss=0.927384 | lr=0.00019784 | best=0.927384 | time=0.25s
2026-09-13 07:15:45,417 | INFO | Epoch 35/500 | loss=0.924175 | lr=0.00019771 | best=0.924175 | time=0.25s
2026-09-13 07:15:45,853 | INFO | Epoch 36/500 | loss=0.922993 | lr=0.00019758 | best=0.922993 | time=0.24s
2026-09-13 07:15:46,285 | INFO | Epoch 37/500 | loss=0.920430 | lr=0.00019744 | best=0.920430 | time=0.24s
2026-09-13 07:15:46,715 | INFO | Epoch 38/500 | loss=0.918507 | lr=0.00019731 | best=0.918507 | time=0.24s
2026-09-13 07:15:47,173 | INFO | Epoch 39/500 | loss=0.916853 | lr=0.00019716 | best=0.916853 | time=0.24s
2026-09-13 07:15:47,628 | INFO | Epoch 40/500 | loss=0.914850 | lr=0.00019702 | best=0.914850 | time=0.24s
2026-09-13 07:15:48,191 | INFO | Epoch 41/500 | loss=0.910741 | lr=0.00019687 | best=0.910741 | time=0.24s
2026-09-13 07:15:48,669 | INFO | Epoch 42/500 | loss=0.909769 | lr=0.00019671 | best=0.909769 | time=0.24s
2026-09-13 07:15:49,422 | INFO | Epoch 43/500 | loss=0.907910 | lr=0.00019655 | best=0.907910 | time=0.24s
2026-09-13 07:15:49,939 | INFO | Epoch 44/500 | loss=0.906884 | lr=0.00019639 | best=0.906884 | time=0.25s
2026-09-13 07:15:50,427 | INFO | Epoch 45/500 | loss=0.904640 | lr=0.00019623 | best=0.904640 | time=0.25s
2026-09-13 07:15:50,892 | INFO | Epoch 46/500 | loss=0.904003 | lr=0.00019606 | best=0.904003 | time=0.25s
2026-09-13 07:15:51,310 | INFO | Epoch 47/500 | loss=0.900654 | lr=0.00019589 | best=0.900654 | time=0.24s
2026-09-13 07:15:51,745 | INFO | Epoch 48/500 | loss=0.898457 | lr=0.00019571 | best=0.898457 | time=0.24s
2026-09-13 07:15:52,177 | INFO | Epoch 49/500 | loss=0.898184 | lr=0.00019553 | best=0.898184 | time=0.24s
2026-09-13 07:15:52,715 | INFO | Epoch 50/500 | loss=0.893920 | lr=0.00019535 | best=0.893920 | time=0.24s
2026-09-13 07:15:53,341 | INFO | Epoch 51/500 | loss=0.893136 | lr=0.00019516 | best=0.893136 | time=0.25s
2026-09-13 07:15:53,917 | INFO | Epoch 52/500 | loss=0.891640 | lr=0.00019497 | best=0.891640 | time=0.24s
2026-09-13 07:15:54,333 | INFO | Epoch 53/500 | loss=0.889077 | lr=0.00019478 | best=0.889077 | time=0.24s
2026-09-13 07:15:54,928 | INFO | Epoch 54/500 | loss=0.888830 | lr=0.00019458 | best=0.888830 | time=0.24s
2026-09-13 07:15:55,362 | INFO | Epoch 55/500 | loss=0.886946 | lr=0.00019438 | best=0.886946 | time=0.25s
2026-09-13 07:15:55,839 | INFO | Epoch 56/500 | loss=0.884325 | lr=0.00019418 | best=0.884325 | time=0.25s
2026-09-13 07:15:56,312 | INFO | Epoch 57/500 | loss=0.882415 | lr=0.00019397 | best=0.882415 | time=0.25s
2026-09-13 07:15:56,820 | INFO | Epoch 58/500 | loss=0.881120 | lr=0.00019376 | best=0.881120 | time=0.25s
2026-09-13 07:15:57,310 | INFO | Epoch 59/500 | loss=0.877877 | lr=0.00019355 | best=0.877877 | time=0.24s
2026-09-13 07:15:57,788 | INFO | Epoch 60/500 | loss=0.875989 | lr=0.00019333 | best=0.875989 | time=0.24s
2026-09-13 07:15:58,220 | INFO | Epoch 61/500 | loss=0.875464 | lr=0.00019311 | best=0.875464 | time=0.24s
2026-09-13 07:15:58,848 | INFO | Epoch 62/500 | loss=0.873718 | lr=0.00019288 | best=0.873718 | time=0.24s
2026-09-13 07:15:59,320 | INFO | Epoch 63/500 | loss=0.872840 | lr=0.00019265 | best=0.872840 | time=0.25s
2026-09-13 07:15:59,767 | INFO | Epoch 64/500 | loss=0.871688 | lr=0.00019242 | best=0.871688 | time=0.24s
2026-09-13 07:16:00,234 | INFO | Epoch 65/500 | loss=0.869302 | lr=0.00019219 | best=0.869302 | time=0.25s
2026-09-13 07:16:00,668 | INFO | Epoch 66/500 | loss=0.866802 | lr=0.00019195 | best=0.866802 | time=0.25s
2026-09-13 07:16:01,143 | INFO | Epoch 67/500 | loss=0.866370 | lr=0.00019171 | best=0.866370 | time=0.24s
2026-09-13 07:16:01,624 | INFO | Epoch 68/500 | loss=0.863705 | lr=0.00019146 | best=0.863705 | time=0.24s
2026-09-13 07:16:02,057 | INFO | Epoch 69/500 | loss=0.862848 | lr=0.00019121 | best=0.862848 | time=0.25s
2026-09-13 07:16:02,624 | INFO | Epoch 70/500 | loss=0.860793 | lr=0.00019096 | best=0.860793 | time=0.25s
2026-09-13 07:16:03,050 | INFO | Epoch 71/500 | loss=0.860122 | lr=0.00019070 | best=0.860122 | time=0.25s
2026-09-13 07:16:03,480 | INFO | Epoch 72/500 | loss=0.859256 | lr=0.00019044 | best=0.859256 | time=0.25s
2026-09-13 07:16:03,925 | INFO | Epoch 73/500 | loss=0.859254 | lr=0.00019018 | best=0.859254 | time=0.24s
2026-09-13 07:16:04,483 | INFO | Epoch 74/500 | loss=0.857774 | lr=0.00018991 | best=0.857774 | time=0.24s
2026-09-13 07:16:04,958 | INFO | Epoch 75/500 | loss=0.855308 | lr=0.00018965 | best=0.855308 | time=0.25s
2026-09-13 07:16:05,383 | INFO | Epoch 76/500 | loss=0.853568 | lr=0.00018937 | best=0.853568 | time=0.24s
2026-09-13 07:16:05,810 | INFO | Epoch 77/500 | loss=0.850583 | lr=0.00018910 | best=0.850583 | time=0.24s
2026-09-13 07:16:06,257 | INFO | Epoch 78/500 | loss=0.850485 | lr=0.00018882 | best=0.850485 | time=0.24s
2026-09-13 07:16:06,740 | INFO | Epoch 79/500 | loss=0.849328 | lr=0.00018854 | best=0.849328 | time=0.24s
2026-09-13 07:16:07,163 | INFO | Epoch 80/500 | loss=0.844872 | lr=0.00018825 | best=0.844872 | time=0.24s
2026-09-13 07:16:07,412 | INFO | Epoch 81/500 | loss=0.845551 | lr=0.00018796 | best=0.844872 | time=0.24s
2026-09-13 07:16:07,822 | INFO | Epoch 82/500 | loss=0.843364 | lr=0.00018767 | best=0.843364 | time=0.23s
2026-09-13 07:16:08,294 | INFO | Epoch 83/500 | loss=0.843336 | lr=0.00018737 | best=0.843336 | time=0.24s
2026-09-13 07:16:08,724 | INFO | Epoch 84/500 | loss=0.843170 | lr=0.00018707 | best=0.843170 | time=0.25s
2026-09-13 07:16:09,155 | INFO | Epoch 85/500 | loss=0.839820 | lr=0.00018677 | best=0.839820 | time=0.25s
2026-09-13 07:16:09,641 | INFO | Epoch 86/500 | loss=0.838980 | lr=0.00018647 | best=0.838980 | time=0.26s
2026-09-13 07:16:10,162 | INFO | Epoch 87/500 | loss=0.837296 | lr=0.00018616 | best=0.837296 | time=0.25s
2026-09-13 07:16:10,712 | INFO | Epoch 88/500 | loss=0.836637 | lr=0.00018584 | best=0.836637 | time=0.24s
2026-09-13 07:16:11,310 | INFO | Epoch 89/500 | loss=0.835923 | lr=0.00018553 | best=0.835923 | time=0.25s
2026-09-13 07:16:11,732 | INFO | Epoch 90/500 | loss=0.833499 | lr=0.00018521 | best=0.833499 | time=0.22s
2026-09-13 07:16:12,173 | INFO | Epoch 91/500 | loss=0.832430 | lr=0.00018489 | best=0.832430 | time=0.25s
2026-09-13 07:16:12,807 | INFO | Epoch 92/500 | loss=0.831242 | lr=0.00018457 | best=0.831242 | time=0.25s
2026-09-13 07:16:13,237 | INFO | Epoch 93/500 | loss=0.830432 | lr=0.00018424 | best=0.830432 | time=0.24s
2026-09-13 07:16:13,487 | INFO | Epoch 94/500 | loss=0.830952 | lr=0.00018391 | best=0.830432 | time=0.24s
2026-09-13 07:16:13,924 | INFO | Epoch 95/500 | loss=0.828077 | lr=0.00018357 | best=0.828077 | time=0.25s
2026-09-13 07:16:14,420 | INFO | Epoch 96/500 | loss=0.825770 | lr=0.00018324 | best=0.825770 | time=0.25s
2026-09-13 07:16:14,898 | INFO | Epoch 97/500 | loss=0.825630 | lr=0.00018290 | best=0.825630 | time=0.24s
2026-09-13 07:16:15,152 | INFO | Epoch 98/500 | loss=0.825988 | lr=0.00018255 | best=0.825630 | time=0.25s
2026-09-13 07:16:15,631 | INFO | Epoch 99/500 | loss=0.824177 | lr=0.00018221 | best=0.824177 | time=0.16s
2026-09-13 07:16:16,011 | INFO | Epoch 100/500 | loss=0.821798 | lr=0.00018186 | best=0.821798 | time=0.17s
2026-09-13 07:16:16,486 | INFO | Epoch 101/500 | loss=0.820967 | lr=0.00018150 | best=0.820967 | time=0.24s
2026-09-13 07:16:16,746 | INFO | Epoch 102/500 | loss=0.821041 | lr=0.00018115 | best=0.820967 | time=0.26s
2026-09-13 07:16:17,215 | INFO | Epoch 103/500 | loss=0.819388 | lr=0.00018079 | best=0.819388 | time=0.24s
2026-09-13 07:16:17,679 | INFO | Epoch 104/500 | loss=0.817866 | lr=0.00018043 | best=0.817866 | time=0.24s
2026-09-13 07:16:17,879 | INFO | Epoch 105/500 | loss=0.818925 | lr=0.00018006 | best=0.817866 | time=0.20s
2026-09-13 07:16:18,309 | INFO | Epoch 106/500 | loss=0.816887 | lr=0.00017970 | best=0.816887 | time=0.21s
2026-09-13 07:16:18,779 | INFO | Epoch 107/500 | loss=0.813572 | lr=0.00017933 | best=0.813572 | time=0.24s
2026-09-13 07:16:19,210 | INFO | Epoch 108/500 | loss=0.813221 | lr=0.00017895 | best=0.813221 | time=0.25s
2026-09-13 07:16:19,461 | INFO | Epoch 109/500 | loss=0.814045 | lr=0.00017858 | best=0.813221 | time=0.25s
2026-09-13 07:16:19,949 | INFO | Epoch 110/500 | loss=0.811469 | lr=0.00017820 | best=0.811469 | time=0.24s
2026-09-13 07:16:20,585 | INFO | Epoch 111/500 | loss=0.809061 | lr=0.00017782 | best=0.809061 | time=0.25s
2026-09-13 07:16:21,013 | INFO | Epoch 112/500 | loss=0.808659 | lr=0.00017743 | best=0.808659 | time=0.24s
2026-09-13 07:16:21,446 | INFO | Epoch 113/500 | loss=0.807512 | lr=0.00017704 | best=0.807512 | time=0.25s
2026-09-13 07:16:21,910 | INFO | Epoch 114/500 | loss=0.805206 | lr=0.00017665 | best=0.805206 | time=0.24s
2026-09-13 07:16:22,161 | INFO | Epoch 115/500 | loss=0.805839 | lr=0.00017626 | best=0.805206 | time=0.25s
2026-09-13 07:16:22,408 | INFO | Epoch 116/500 | loss=0.806543 | lr=0.00017586 | best=0.805206 | time=0.24s
2026-09-13 07:16:22,881 | INFO | Epoch 117/500 | loss=0.803922 | lr=0.00017547 | best=0.803922 | time=0.24s
2026-09-13 07:16:23,271 | INFO | Epoch 118/500 | loss=0.801839 | lr=0.00017506 | best=0.801839 | time=0.22s
2026-09-13 07:16:23,831 | INFO | Epoch 119/500 | loss=0.801178 | lr=0.00017466 | best=0.801178 | time=0.23s
2026-09-13 07:16:24,233 | INFO | Epoch 120/500 | loss=0.800568 | lr=0.00017425 | best=0.800568 | time=0.23s
2026-09-13 07:16:24,472 | INFO | Epoch 121/500 | loss=0.801539 | lr=0.00017384 | best=0.800568 | time=0.23s
2026-09-13 07:16:24,870 | INFO | Epoch 122/500 | loss=0.799422 | lr=0.00017343 | best=0.799422 | time=0.21s
2026-09-13 07:16:25,306 | INFO | Epoch 123/500 | loss=0.798910 | lr=0.00017301 | best=0.798910 | time=0.25s
2026-09-13 07:16:25,844 | INFO | Epoch 124/500 | loss=0.797055 | lr=0.00017260 | best=0.797055 | time=0.25s
2026-09-13 07:16:26,280 | INFO | Epoch 125/500 | loss=0.796218 | lr=0.00017218 | best=0.796218 | time=0.25s
2026-09-13 07:16:26,762 | INFO | Epoch 126/500 | loss=0.795630 | lr=0.00017175 | best=0.795630 | time=0.25s
2026-09-13 07:16:27,194 | INFO | Epoch 127/500 | loss=0.795137 | lr=0.00017133 | best=0.795137 | time=0.25s
2026-09-13 07:16:27,674 | INFO | Epoch 128/500 | loss=0.791208 | lr=0.00017090 | best=0.791208 | time=0.24s
2026-09-13 07:16:28,147 | INFO | Epoch 129/500 | loss=0.789483 | lr=0.00017047 | best=0.789483 | time=0.25s
2026-09-13 07:16:28,396 | INFO | Epoch 130/500 | loss=0.790348 | lr=0.00017003 | best=0.789483 | time=0.24s
2026-09-13 07:16:28,590 | INFO | Epoch 131/500 | loss=0.789701 | lr=0.00016960 | best=0.789483 | time=0.19s
2026-09-13 07:16:29,086 | INFO | Epoch 132/500 | loss=0.787973 | lr=0.00016916 | best=0.787973 | time=0.21s
2026-09-13 07:16:29,333 | INFO | Epoch 133/500 | loss=0.788715 | lr=0.00016872 | best=0.787973 | time=0.24s
2026-09-13 07:16:29,567 | INFO | Epoch 134/500 | loss=0.788419 | lr=0.00016827 | best=0.787973 | time=0.23s
2026-09-13 07:16:29,808 | INFO | Epoch 135/500 | loss=0.789474 | lr=0.00016782 | best=0.787973 | time=0.23s
2026-09-13 07:16:30,228 | INFO | Epoch 136/500 | loss=0.786835 | lr=0.00016738 | best=0.786835 | time=0.24s
2026-09-13 07:16:30,822 | INFO | Epoch 137/500 | loss=0.785802 | lr=0.00016692 | best=0.785802 | time=0.24s
2026-09-13 07:16:31,397 | INFO | Epoch 138/500 | loss=0.783802 | lr=0.00016647 | best=0.783802 | time=0.23s
2026-09-13 07:16:31,650 | INFO | Epoch 139/500 | loss=0.784089 | lr=0.00016601 | best=0.783802 | time=0.25s
2026-09-13 07:16:32,106 | INFO | Epoch 140/500 | loss=0.781838 | lr=0.00016556 | best=0.781838 | time=0.24s
2026-09-13 07:16:32,609 | INFO | Epoch 141/500 | loss=0.781515 | lr=0.00016509 | best=0.781515 | time=0.25s
2026-09-13 07:16:33,150 | INFO | Epoch 142/500 | loss=0.779702 | lr=0.00016463 | best=0.779702 | time=0.25s
2026-09-13 07:16:33,397 | INFO | Epoch 143/500 | loss=0.780893 | lr=0.00016416 | best=0.779702 | time=0.24s
2026-09-13 07:16:33,635 | INFO | Epoch 144/500 | loss=0.779856 | lr=0.00016370 | best=0.779702 | time=0.23s
2026-09-13 07:16:34,054 | INFO | Epoch 145/500 | loss=0.777547 | lr=0.00016323 | best=0.777547 | time=0.23s
2026-09-13 07:16:34,310 | INFO | Epoch 146/500 | loss=0.777609 | lr=0.00016275 | best=0.777547 | time=0.25s
2026-09-13 07:16:34,548 | INFO | Epoch 147/500 | loss=0.777671 | lr=0.00016228 | best=0.777547 | time=0.23s
2026-09-13 07:16:35,087 | INFO | Epoch 148/500 | loss=0.776126 | lr=0.00016180 | best=0.776126 | time=0.21s
2026-09-13 07:16:35,539 | INFO | Epoch 149/500 | loss=0.774645 | lr=0.00016132 | best=0.774645 | time=0.25s
2026-09-13 07:16:36,138 | INFO | Epoch 150/500 | loss=0.774493 | lr=0.00016084 | best=0.774493 | time=0.25s
2026-09-13 07:16:36,567 | INFO | Epoch 151/500 | loss=0.773927 | lr=0.00016036 | best=0.773927 | time=0.25s
2026-09-13 07:16:37,007 | INFO | Epoch 152/500 | loss=0.773574 | lr=0.00015987 | best=0.773574 | time=0.25s
2026-09-13 07:16:37,495 | INFO | Epoch 153/500 | loss=0.771293 | lr=0.00015938 | best=0.771293 | time=0.25s
2026-09-13 07:16:37,747 | INFO | Epoch 154/500 | loss=0.771447 | lr=0.00015889 | best=0.771293 | time=0.25s
2026-09-13 07:16:37,927 | INFO | Epoch 155/500 | loss=0.774195 | lr=0.00015840 | best=0.771293 | time=0.18s
2026-09-13 07:16:38,252 | INFO | Epoch 156/500 | loss=0.770383 | lr=0.00015790 | best=0.770383 | time=0.16s
2026-09-13 07:16:38,714 | INFO | Epoch 157/500 | loss=0.768373 | lr=0.00015741 | best=0.768373 | time=0.24s
2026-09-13 07:16:39,252 | INFO | Epoch 158/500 | loss=0.767425 | lr=0.00015691 | best=0.767425 | time=0.25s
2026-09-13 07:16:39,717 | INFO | Epoch 159/500 | loss=0.766718 | lr=0.00015641 | best=0.766718 | time=0.24s
2026-09-13 07:16:40,332 | INFO | Epoch 160/500 | loss=0.765611 | lr=0.00015590 | best=0.765611 | time=0.25s
2026-09-13 07:16:40,810 | INFO | Epoch 161/500 | loss=0.764851 | lr=0.00015540 | best=0.764851 | time=0.25s
2026-09-13 07:16:41,060 | INFO | Epoch 162/500 | loss=0.765493 | lr=0.00015489 | best=0.764851 | time=0.25s
2026-09-13 07:16:41,650 | INFO | Epoch 163/500 | loss=0.763655 | lr=0.00015438 | best=0.763655 | time=0.23s
2026-09-13 07:16:42,131 | INFO | Epoch 164/500 | loss=0.763472 | lr=0.00015387 | best=0.763472 | time=0.24s
2026-09-13 07:16:42,592 | INFO | Epoch 165/500 | loss=0.762878 | lr=0.00015336 | best=0.762878 | time=0.24s
2026-09-13 07:16:43,188 | INFO | Epoch 166/500 | loss=0.762291 | lr=0.00015284 | best=0.762291 | time=0.24s
2026-09-13 07:16:43,662 | INFO | Epoch 167/500 | loss=0.760990 | lr=0.00015233 | best=0.760990 | time=0.24s
2026-09-13 07:16:44,197 | INFO | Epoch 168/500 | loss=0.759882 | lr=0.00015181 | best=0.759882 | time=0.24s
2026-09-13 07:16:44,447 | INFO | Epoch 169/500 | loss=0.760230 | lr=0.00015129 | best=0.759882 | time=0.25s
2026-09-13 07:16:44,852 | INFO | Epoch 170/500 | loss=0.758682 | lr=0.00015077 | best=0.758682 | time=0.23s
2026-09-13 07:16:45,098 | INFO | Epoch 171/500 | loss=0.760332 | lr=0.00015024 | best=0.758682 | time=0.24s
2026-09-13 07:16:45,510 | INFO | Epoch 172/500 | loss=0.757334 | lr=0.00014972 | best=0.757334 | time=0.23s
2026-09-13 07:16:45,979 | INFO | Epoch 173/500 | loss=0.757333 | lr=0.00014919 | best=0.757333 | time=0.24s
2026-09-13 07:16:46,524 | INFO | Epoch 174/500 | loss=0.756498 | lr=0.00014866 | best=0.756498 | time=0.24s
2026-09-13 07:16:46,974 | INFO | Epoch 175/500 | loss=0.755141 | lr=0.00014813 | best=0.755141 | time=0.26s
2026-09-13 07:16:47,193 | INFO | Epoch 176/500 | loss=0.756070 | lr=0.00014760 | best=0.755141 | time=0.22s
2026-09-13 07:16:47,539 | INFO | Epoch 177/500 | loss=0.754293 | lr=0.00014706 | best=0.754293 | time=0.15s
2026-09-13 07:16:48,012 | INFO | Epoch 178/500 | loss=0.752882 | lr=0.00014653 | best=0.752882 | time=0.25s
2026-09-13 07:16:48,579 | INFO | Epoch 179/500 | loss=0.751909 | lr=0.00014599 | best=0.751909 | time=0.24s
2026-09-13 07:16:49,053 | INFO | Epoch 180/500 | loss=0.751883 | lr=0.00014545 | best=0.751883 | time=0.24s
2026-09-13 07:16:49,471 | INFO | Epoch 181/500 | loss=0.751860 | lr=0.00014491 | best=0.751860 | time=0.24s
2026-09-13 07:16:49,968 | INFO | Epoch 182/500 | loss=0.749598 | lr=0.00014437 | best=0.749598 | time=0.25s
2026-09-13 07:16:50,213 | INFO | Epoch 183/500 | loss=0.749748 | lr=0.00014382 | best=0.749598 | time=0.24s
2026-09-13 07:16:50,447 | INFO | Epoch 184/500 | loss=0.749794 | lr=0.00014328 | best=0.749598 | time=0.23s
2026-09-13 07:16:50,675 | INFO | Epoch 185/500 | loss=0.752161 | lr=0.00014273 | best=0.749598 | time=0.22s
2026-09-13 07:16:51,110 | INFO | Epoch 186/500 | loss=0.748106 | lr=0.00014218 | best=0.748106 | time=0.22s
2026-09-13 07:16:51,573 | INFO | Epoch 187/500 | loss=0.747382 | lr=0.00014163 | best=0.747382 | time=0.24s
2026-09-13 07:16:51,995 | INFO | Epoch 188/500 | loss=0.746097 | lr=0.00014108 | best=0.746097 | time=0.24s
2026-09-13 07:16:52,451 | INFO | Epoch 189/500 | loss=0.745369 | lr=0.00014053 | best=0.745369 | time=0.24s
2026-09-13 07:16:52,888 | INFO | Epoch 190/500 | loss=0.744539 | lr=0.00013997 | best=0.744539 | time=0.25s
2026-09-13 07:16:53,143 | INFO | Epoch 191/500 | loss=0.745972 | lr=0.00013942 | best=0.744539 | time=0.25s
2026-09-13 07:16:53,573 | INFO | Epoch 192/500 | loss=0.744460 | lr=0.00013886 | best=0.744460 | time=0.23s
2026-09-13 07:16:54,047 | INFO | Epoch 193/500 | loss=0.742060 | lr=0.00013830 | best=0.742060 | time=0.24s
2026-09-13 07:16:54,292 | INFO | Epoch 194/500 | loss=0.742085 | lr=0.00013774 | best=0.742060 | time=0.24s
2026-09-13 07:16:54,711 | INFO | Epoch 195/500 | loss=0.742032 | lr=0.00013718 | best=0.742032 | time=0.23s
2026-09-13 07:16:55,144 | INFO | Epoch 196/500 | loss=0.740858 | lr=0.00013662 | best=0.740858 | time=0.24s
2026-09-13 07:16:55,608 | INFO | Epoch 197/500 | loss=0.740826 | lr=0.00013605 | best=0.740826 | time=0.24s
2026-09-13 07:16:56,054 | INFO | Epoch 198/500 | loss=0.739676 | lr=0.00013549 | best=0.739676 | time=0.24s
2026-09-13 07:16:56,626 | INFO | Epoch 199/500 | loss=0.739451 | lr=0.00013492 | best=0.739451 | time=0.24s
2026-09-13 07:16:57,095 | INFO | Epoch 200/500 | loss=0.738419 | lr=0.00013436 | best=0.738419 | time=0.24s
2026-09-13 07:16:57,347 | INFO | Epoch 201/500 | loss=0.738900 | lr=0.00013379 | best=0.738419 | time=0.25s
2026-09-13 07:16:57,814 | INFO | Epoch 202/500 | loss=0.737059 | lr=0.00013322 | best=0.737059 | time=0.23s
2026-09-13 07:16:58,416 | INFO | Epoch 203/500 | loss=0.736788 | lr=0.00013265 | best=0.736788 | time=0.24s
2026-09-13 07:16:58,663 | INFO | Epoch 204/500 | loss=0.736959 | lr=0.00013208 | best=0.736788 | time=0.24s
2026-09-13 07:16:59,282 | INFO | Epoch 205/500 | loss=0.735347 | lr=0.00013150 | best=0.735347 | time=0.23s
2026-09-13 07:16:59,538 | INFO | Epoch 206/500 | loss=0.735751 | lr=0.00013093 | best=0.735347 | time=0.25s
2026-09-13 07:16:59,773 | INFO | Epoch 207/500 | loss=0.735777 | lr=0.00013036 | best=0.735347 | time=0.23s
2026-09-13 07:17:00,035 | INFO | Epoch 208/500 | loss=0.735639 | lr=0.00012978 | best=0.735347 | time=0.23s
2026-09-13 07:17:00,280 | INFO | Epoch 209/500 | loss=0.735763 | lr=0.00012920 | best=0.735347 | time=0.24s
2026-09-13 07:17:00,748 | INFO | Epoch 210/500 | loss=0.733576 | lr=0.00012863 | best=0.733576 | time=0.23s
2026-09-13 07:17:01,007 | INFO | Epoch 211/500 | loss=0.734055 | lr=0.00012805 | best=0.733576 | time=0.25s
2026-09-13 07:17:01,557 | INFO | Epoch 212/500 | loss=0.732091 | lr=0.00012747 | best=0.732091 | time=0.24s
2026-09-13 07:17:02,022 | INFO | Epoch 213/500 | loss=0.731290 | lr=0.00012689 | best=0.731290 | time=0.25s
2026-09-13 07:17:02,464 | INFO | Epoch 214/500 | loss=0.730999 | lr=0.00012631 | best=0.730999 | time=0.25s
2026-09-13 07:17:02,947 | INFO | Epoch 215/500 | loss=0.730006 | lr=0.00012572 | best=0.730006 | time=0.24s
2026-09-13 07:17:03,388 | INFO | Epoch 216/500 | loss=0.729441 | lr=0.00012514 | best=0.729441 | time=0.25s
2026-09-13 07:17:03,850 | INFO | Epoch 217/500 | loss=0.728492 | lr=0.00012456 | best=0.728492 | time=0.25s
2026-09-13 07:17:04,100 | INFO | Epoch 218/500 | loss=0.729090 | lr=0.00012397 | best=0.728492 | time=0.25s
2026-09-13 07:17:04,567 | INFO | Epoch 219/500 | loss=0.728020 | lr=0.00012339 | best=0.728020 | time=0.24s
2026-09-13 07:17:05,019 | INFO | Epoch 220/500 | loss=0.727226 | lr=0.00012280 | best=0.727226 | time=0.24s
2026-09-13 07:17:05,450 | INFO | Epoch 221/500 | loss=0.725892 | lr=0.00012221 | best=0.725892 | time=0.25s
2026-09-13 07:17:05,898 | INFO | Epoch 222/500 | loss=0.725674 | lr=0.00012163 | best=0.725674 | time=0.24s
2026-09-13 07:17:06,139 | INFO | Epoch 223/500 | loss=0.725928 | lr=0.00012104 | best=0.725674 | time=0.24s
2026-09-13 07:17:06,544 | INFO | Epoch 224/500 | loss=0.724923 | lr=0.00012045 | best=0.724923 | time=0.23s
2026-09-13 07:17:07,110 | INFO | Epoch 225/500 | loss=0.724693 | lr=0.00011986 | best=0.724693 | time=0.24s
2026-09-13 07:17:07,677 | INFO | Epoch 226/500 | loss=0.723808 | lr=0.00011927 | best=0.723808 | time=0.24s
2026-09-13 07:17:08,109 | INFO | Epoch 227/500 | loss=0.722747 | lr=0.00011868 | best=0.722747 | time=0.24s
2026-09-13 07:17:08,359 | INFO | Epoch 228/500 | loss=0.723488 | lr=0.00011809 | best=0.722747 | time=0.24s
2026-09-13 07:17:08,585 | INFO | Epoch 229/500 | loss=0.723447 | lr=0.00011750 | best=0.722747 | time=0.22s
2026-09-13 07:17:08,978 | INFO | Epoch 230/500 | loss=0.721794 | lr=0.00011691 | best=0.721794 | time=0.18s
2026-09-13 07:17:09,451 | INFO | Epoch 231/500 | loss=0.721661 | lr=0.00011631 | best=0.721661 | time=0.25s
2026-09-13 07:17:09,924 | INFO | Epoch 232/500 | loss=0.721195 | lr=0.00011572 | best=0.721195 | time=0.24s
2026-09-13 07:17:10,172 | INFO | Epoch 233/500 | loss=0.721249 | lr=0.00011513 | best=0.721195 | time=0.24s
2026-09-13 07:17:10,593 | INFO | Epoch 234/500 | loss=0.719787 | lr=0.00011453 | best=0.719787 | time=0.24s
2026-09-13 07:17:10,837 | INFO | Epoch 235/500 | loss=0.720827 | lr=0.00011394 | best=0.719787 | time=0.24s
2026-09-13 07:17:11,438 | INFO | Epoch 236/500 | loss=0.718059 | lr=0.00011335 | best=0.718059 | time=0.23s
2026-09-13 07:17:11,680 | INFO | Epoch 237/500 | loss=0.719181 | lr=0.00011275 | best=0.718059 | time=0.24s
2026-09-13 07:17:12,212 | INFO | Epoch 238/500 | loss=0.717578 | lr=0.00011216 | best=0.717578 | time=0.23s
2026-09-13 07:17:12,458 | INFO | Epoch 239/500 | loss=0.717580 | lr=0.00011156 | best=0.717578 | time=0.24s
2026-09-13 07:17:12,698 | INFO | Epoch 240/500 | loss=0.717834 | lr=0.00011097 | best=0.717578 | time=0.24s
2026-09-13 07:17:13,147 | INFO | Epoch 241/500 | loss=0.717376 | lr=0.00011037 | best=0.717376 | time=0.23s
2026-09-13 07:17:13,570 | INFO | Epoch 242/500 | loss=0.716425 | lr=0.00010977 | best=0.716425 | time=0.24s
2026-09-13 07:17:13,998 | INFO | Epoch 243/500 | loss=0.715435 | lr=0.00010918 | best=0.715435 | time=0.24s
2026-09-13 07:17:14,424 | INFO | Epoch 244/500 | loss=0.715148 | lr=0.00010858 | best=0.715148 | time=0.24s
2026-09-13 07:17:14,848 | INFO | Epoch 245/500 | loss=0.713995 | lr=0.00010798 | best=0.713995 | time=0.24s
2026-09-13 07:17:15,420 | INFO | Epoch 246/500 | loss=0.713858 | lr=0.00010739 | best=0.713858 | time=0.25s
2026-09-13 07:17:15,852 | INFO | Epoch 247/500 | loss=0.713636 | lr=0.00010679 | best=0.713636 | time=0.23s
2026-09-13 07:17:16,283 | INFO | Epoch 248/500 | loss=0.713016 | lr=0.00010619 | best=0.713016 | time=0.24s
2026-09-13 07:17:16,730 | INFO | Epoch 249/500 | loss=0.712749 | lr=0.00010560 | best=0.712749 | time=0.24s
2026-09-13 07:17:17,317 | INFO | Epoch 250/500 | loss=0.711789 | lr=0.00010500 | best=0.711789 | time=0.25s
2026-09-13 07:17:17,748 | INFO | Epoch 251/500 | loss=0.711367 | lr=0.00010440 | best=0.711367 | time=0.25s
2026-09-13 07:17:17,994 | INFO | Epoch 252/500 | loss=0.711490 | lr=0.00010381 | best=0.711367 | time=0.24s
2026-09-13 07:17:18,410 | INFO | Epoch 253/500 | loss=0.710584 | lr=0.00010321 | best=0.710584 | time=0.23s
2026-09-13 07:17:18,892 | INFO | Epoch 254/500 | loss=0.709335 | lr=0.00010261 | best=0.709335 | time=0.25s
2026-09-13 07:17:19,126 | INFO | Epoch 255/500 | loss=0.710698 | lr=0.00010202 | best=0.709335 | time=0.23s
2026-09-13 07:17:19,525 | INFO | Epoch 256/500 | loss=0.707566 | lr=0.00010142 | best=0.707566 | time=0.22s
2026-09-13 07:17:19,785 | INFO | Epoch 257/500 | loss=0.709339 | lr=0.00010082 | best=0.707566 | time=0.26s
2026-09-13 07:17:20,025 | INFO | Epoch 258/500 | loss=0.708373 | lr=0.00010023 | best=0.707566 | time=0.24s
2026-09-13 07:17:20,267 | INFO | Epoch 259/500 | loss=0.707989 | lr=0.00009963 | best=0.707566 | time=0.24s
2026-09-13 07:17:20,485 | INFO | Epoch 260/500 | loss=0.707672 | lr=0.00009903 | best=0.707566 | time=0.21s
2026-09-13 07:17:20,891 | INFO | Epoch 261/500 | loss=0.707445 | lr=0.00009844 | best=0.707445 | time=0.22s
2026-09-13 07:17:21,376 | INFO | Epoch 262/500 | loss=0.706533 | lr=0.00009784 | best=0.706533 | time=0.24s
2026-09-13 07:17:21,629 | INFO | Epoch 263/500 | loss=0.707449 | lr=0.00009725 | best=0.706533 | time=0.25s
2026-09-13 07:17:22,091 | INFO | Epoch 264/500 | loss=0.705815 | lr=0.00009665 | best=0.705815 | time=0.24s
2026-09-13 07:17:22,585 | INFO | Epoch 265/500 | loss=0.704628 | lr=0.00009606 | best=0.704628 | time=0.26s
2026-09-13 07:17:23,028 | INFO | Epoch 266/500 | loss=0.703150 | lr=0.00009547 | best=0.703150 | time=0.25s
2026-09-13 07:17:23,278 | INFO | Epoch 267/500 | loss=0.703726 | lr=0.00009487 | best=0.703150 | time=0.25s
2026-09-13 07:17:23,511 | INFO | Epoch 268/500 | loss=0.703926 | lr=0.00009428 | best=0.703150 | time=0.23s
2026-09-13 07:17:24,042 | INFO | Epoch 269/500 | loss=0.702415 | lr=0.00009369 | best=0.702415 | time=0.22s
2026-09-13 07:17:24,298 | INFO | Epoch 270/500 | loss=0.702590 | lr=0.00009309 | best=0.702415 | time=0.25s
2026-09-13 07:17:24,536 | INFO | Epoch 271/500 | loss=0.702678 | lr=0.00009250 | best=0.702415 | time=0.23s
2026-09-13 07:17:25,048 | INFO | Epoch 272/500 | loss=0.702384 | lr=0.00009191 | best=0.702384 | time=0.22s
2026-09-13 07:17:25,508 | INFO | Epoch 273/500 | loss=0.700914 | lr=0.00009132 | best=0.700914 | time=0.25s
2026-09-13 07:17:25,757 | INFO | Epoch 274/500 | loss=0.702043 | lr=0.00009073 | best=0.700914 | time=0.25s
2026-09-13 07:17:26,165 | INFO | Epoch 275/500 | loss=0.700143 | lr=0.00009014 | best=0.700143 | time=0.23s
2026-09-13 07:17:26,409 | INFO | Epoch 276/500 | loss=0.701047 | lr=0.00008955 | best=0.700143 | time=0.24s
2026-09-13 07:17:26,818 | INFO | Epoch 277/500 | loss=0.699845 | lr=0.00008896 | best=0.699845 | time=0.23s
2026-09-13 07:17:27,064 | INFO | Epoch 278/500 | loss=0.700539 | lr=0.00008837 | best=0.699845 | time=0.24s
2026-09-13 07:17:27,496 | INFO | Epoch 279/500 | loss=0.699671 | lr=0.00008779 | best=0.699671 | time=0.23s
2026-09-13 07:17:28,111 | INFO | Epoch 280/500 | loss=0.699039 | lr=0.00008720 | best=0.699039 | time=0.24s
2026-09-13 07:17:28,649 | INFO | Epoch 281/500 | loss=0.698374 | lr=0.00008661 | best=0.698374 | time=0.24s
2026-09-13 07:17:29,059 | INFO | Epoch 282/500 | loss=0.698320 | lr=0.00008603 | best=0.698320 | time=0.23s
2026-09-13 07:17:29,559 | INFO | Epoch 283/500 | loss=0.697287 | lr=0.00008544 | best=0.697287 | time=0.23s
2026-09-13 07:17:29,812 | INFO | Epoch 284/500 | loss=0.697297 | lr=0.00008486 | best=0.697287 | time=0.24s
2026-09-13 07:17:30,284 | INFO | Epoch 285/500 | loss=0.695710 | lr=0.00008428 | best=0.695710 | time=0.24s
2026-09-13 07:17:30,538 | INFO | Epoch 286/500 | loss=0.696012 | lr=0.00008369 | best=0.695710 | time=0.25s
2026-09-13 07:17:31,112 | INFO | Epoch 287/500 | loss=0.695379 | lr=0.00008311 | best=0.695379 | time=0.23s
2026-09-13 07:17:31,610 | INFO | Epoch 288/500 | loss=0.694470 | lr=0.00008253 | best=0.694470 | time=0.25s
2026-09-13 07:17:31,858 | INFO | Epoch 289/500 | loss=0.695767 | lr=0.00008195 | best=0.694470 | time=0.24s
2026-09-13 07:17:32,265 | INFO | Epoch 290/500 | loss=0.694169 | lr=0.00008137 | best=0.694169 | time=0.23s
2026-09-13 07:17:32,707 | INFO | Epoch 291/500 | loss=0.692700 | lr=0.00008080 | best=0.692700 | time=0.24s
2026-09-13 07:17:32,956 | INFO | Epoch 292/500 | loss=0.693375 | lr=0.00008022 | best=0.692700 | time=0.24s
2026-09-13 07:17:33,194 | INFO | Epoch 293/500 | loss=0.693399 | lr=0.00007964 | best=0.692700 | time=0.23s
2026-09-13 07:17:33,611 | INFO | Epoch 294/500 | loss=0.692306 | lr=0.00007907 | best=0.692306 | time=0.23s
2026-09-13 07:17:33,857 | INFO | Epoch 295/500 | loss=0.692887 | lr=0.00007850 | best=0.692306 | time=0.24s
2026-09-13 07:17:34,342 | INFO | Epoch 296/500 | loss=0.691378 | lr=0.00007792 | best=0.691378 | time=0.23s
2026-09-13 07:17:34,596 | INFO | Epoch 297/500 | loss=0.692063 | lr=0.00007735 | best=0.691378 | time=0.25s
2026-09-13 07:17:34,819 | INFO | Epoch 298/500 | loss=0.691447 | lr=0.00007678 | best=0.691378 | time=0.22s
2026-09-13 07:17:35,268 | INFO | Epoch 299/500 | loss=0.690482 | lr=0.00007621 | best=0.690482 | time=0.14s
2026-09-13 07:17:35,711 | INFO | Epoch 300/500 | loss=0.690476 | lr=0.00007564 | best=0.690476 | time=0.24s
2026-09-13 07:17:36,194 | INFO | Epoch 301/500 | loss=0.689612 | lr=0.00007508 | best=0.689612 | time=0.25s
2026-09-13 07:17:36,683 | INFO | Epoch 302/500 | loss=0.689607 | lr=0.00007451 | best=0.689607 | time=0.24s
2026-09-13 07:17:37,218 | INFO | Epoch 303/500 | loss=0.689386 | lr=0.00007395 | best=0.689386 | time=0.25s
2026-09-13 07:17:37,649 | INFO | Epoch 304/500 | loss=0.688932 | lr=0.00007338 | best=0.688932 | time=0.25s
2026-09-13 07:17:37,908 | INFO | Epoch 305/500 | loss=0.689955 | lr=0.00007282 | best=0.688932 | time=0.25s
2026-09-13 07:17:38,379 | INFO | Epoch 306/500 | loss=0.688257 | lr=0.00007226 | best=0.688257 | time=0.24s
2026-09-13 07:17:38,863 | INFO | Epoch 307/500 | loss=0.687910 | lr=0.00007170 | best=0.687910 | time=0.24s
2026-09-13 07:17:39,115 | INFO | Epoch 308/500 | loss=0.688083 | lr=0.00007114 | best=0.687910 | time=0.25s
2026-09-13 07:17:39,354 | INFO | Epoch 309/500 | loss=0.688130 | lr=0.00007058 | best=0.687910 | time=0.23s
2026-09-13 07:17:39,591 | INFO | Epoch 310/500 | loss=0.688271 | lr=0.00007003 | best=0.687910 | time=0.23s
2026-09-13 07:17:39,998 | INFO | Epoch 311/500 | loss=0.687757 | lr=0.00006947 | best=0.687757 | time=0.23s
2026-09-13 07:17:40,483 | INFO | Epoch 312/500 | loss=0.687734 | lr=0.00006892 | best=0.687734 | time=0.25s
2026-09-13 07:17:40,918 | INFO | Epoch 313/500 | loss=0.687296 | lr=0.00006837 | best=0.687296 | time=0.24s
2026-09-13 07:17:41,387 | INFO | Epoch 314/500 | loss=0.685734 | lr=0.00006782 | best=0.685734 | time=0.24s
2026-09-13 07:17:41,643 | INFO | Epoch 315/500 | loss=0.686556 | lr=0.00006727 | best=0.685734 | time=0.25s
2026-09-13 07:17:42,095 | INFO | Epoch 316/500 | loss=0.685054 | lr=0.00006672 | best=0.685054 | time=0.22s
2026-09-13 07:17:42,535 | INFO | Epoch 317/500 | loss=0.684779 | lr=0.00006618 | best=0.684779 | time=0.24s
2026-09-13 07:17:42,954 | INFO | Epoch 318/500 | loss=0.684072 | lr=0.00006563 | best=0.684072 | time=0.24s
2026-09-13 07:17:43,430 | INFO | Epoch 319/500 | loss=0.684037 | lr=0.00006509 | best=0.684037 | time=0.24s
2026-09-13 07:17:43,673 | INFO | Epoch 320/500 | loss=0.685232 | lr=0.00006455 | best=0.684037 | time=0.24s
2026-09-13 07:17:44,198 | INFO | Epoch 321/500 | loss=0.683451 | lr=0.00006401 | best=0.683451 | time=0.22s
2026-09-13 07:17:44,442 | INFO | Epoch 322/500 | loss=0.684170 | lr=0.00006347 | best=0.683451 | time=0.24s
2026-09-13 07:17:44,668 | INFO | Epoch 323/500 | loss=0.683607 | lr=0.00006294 | best=0.683451 | time=0.22s
2026-09-13 07:17:45,206 | INFO | Epoch 324/500 | loss=0.682377 | lr=0.00006240 | best=0.682377 | time=0.21s
2026-09-13 07:17:45,714 | INFO | Epoch 325/500 | loss=0.682269 | lr=0.00006187 | best=0.682269 | time=0.24s
2026-09-13 07:17:46,353 | INFO | Epoch 326/500 | loss=0.681772 | lr=0.00006134 | best=0.681772 | time=0.24s
2026-09-13 07:17:46,910 | INFO | Epoch 327/500 | loss=0.679840 | lr=0.00006081 | best=0.679840 | time=0.23s
2026-09-13 07:17:47,155 | INFO | Epoch 328/500 | loss=0.680041 | lr=0.00006028 | best=0.679840 | time=0.24s
2026-09-13 07:17:47,386 | INFO | Epoch 329/500 | loss=0.681750 | lr=0.00005976 | best=0.679840 | time=0.22s
2026-09-13 07:17:47,872 | INFO | Epoch 330/500 | loss=0.679830 | lr=0.00005923 | best=0.679830 | time=0.22s
2026-09-13 07:17:48,113 | INFO | Epoch 331/500 | loss=0.681479 | lr=0.00005871 | best=0.679830 | time=0.24s
2026-09-13 07:17:48,342 | INFO | Epoch 332/500 | loss=0.680119 | lr=0.00005819 | best=0.679830 | time=0.22s
2026-09-13 07:17:48,570 | INFO | Epoch 333/500 | loss=0.680062 | lr=0.00005767 | best=0.679830 | time=0.22s
2026-09-13 07:17:48,980 | INFO | Epoch 334/500 | loss=0.678126 | lr=0.00005716 | best=0.678126 | time=0.20s
2026-09-13 07:17:49,224 | INFO | Epoch 335/500 | loss=0.680130 | lr=0.00005664 | best=0.678126 | time=0.24s
2026-09-13 07:17:49,450 | INFO | Epoch 336/500 | loss=0.679198 | lr=0.00005613 | best=0.678126 | time=0.22s
2026-09-13 07:17:49,674 | INFO | Epoch 337/500 | loss=0.678311 | lr=0.00005562 | best=0.678126 | time=0.22s
2026-09-13 07:17:49,892 | INFO | Epoch 338/500 | loss=0.678775 | lr=0.00005511 | best=0.678126 | time=0.21s
2026-09-13 07:17:50,369 | INFO | Epoch 339/500 | loss=0.677978 | lr=0.00005460 | best=0.677978 | time=0.21s
2026-09-13 07:17:50,629 | INFO | Epoch 340/500 | loss=0.678388 | lr=0.00005410 | best=0.677978 | time=0.24s
2026-09-13 07:17:51,043 | INFO | Epoch 341/500 | loss=0.677903 | lr=0.00005359 | best=0.677903 | time=0.23s
2026-09-13 07:17:51,510 | INFO | Epoch 342/500 | loss=0.677688 | lr=0.00005309 | best=0.677688 | time=0.24s
2026-09-13 07:17:52,115 | INFO | Epoch 343/500 | loss=0.676667 | lr=0.00005259 | best=0.676667 | time=0.24s
2026-09-13 07:17:52,369 | INFO | Epoch 344/500 | loss=0.676674 | lr=0.00005210 | best=0.676667 | time=0.25s
2026-09-13 07:17:52,815 | INFO | Epoch 345/500 | loss=0.676284 | lr=0.00005160 | best=0.676284 | time=0.25s
2026-09-13 07:17:53,072 | INFO | Epoch 346/500 | loss=0.677624 | lr=0.00005111 | best=0.676284 | time=0.25s
2026-09-13 07:17:53,309 | INFO | Epoch 347/500 | loss=0.676519 | lr=0.00005062 | best=0.676284 | time=0.23s
2026-09-13 07:17:53,570 | INFO | Epoch 348/500 | loss=0.676339 | lr=0.00005013 | best=0.676284 | time=0.24s
2026-09-13 07:17:54,087 | INFO | Epoch 349/500 | loss=0.674296 | lr=0.00004964 | best=0.674296 | time=0.22s
2026-09-13 07:17:54,332 | INFO | Epoch 350/500 | loss=0.674998 | lr=0.00004916 | best=0.674296 | time=0.24s
2026-09-13 07:17:54,566 | INFO | Epoch 351/500 | loss=0.675107 | lr=0.00004868 | best=0.674296 | time=0.23s
2026-09-13 07:17:54,795 | INFO | Epoch 352/500 | loss=0.674864 | lr=0.00004820 | best=0.674296 | time=0.22s
2026-09-13 07:17:55,032 | INFO | Epoch 353/500 | loss=0.675687 | lr=0.00004772 | best=0.674296 | time=0.23s
2026-09-13 07:17:55,275 | INFO | Epoch 354/500 | loss=0.674616 | lr=0.00004725 | best=0.674296 | time=0.24s
2026-09-13 07:17:55,512 | INFO | Epoch 355/500 | loss=0.675092 | lr=0.00004677 | best=0.674296 | time=0.23s
2026-09-13 07:17:55,993 | INFO | Epoch 356/500 | loss=0.674030 | lr=0.00004630 | best=0.674030 | time=0.22s
2026-09-13 07:17:56,415 | INFO | Epoch 357/500 | loss=0.673088 | lr=0.00004584 | best=0.673088 | time=0.24s
2026-09-13 07:17:56,658 | INFO | Epoch 358/500 | loss=0.673136 | lr=0.00004537 | best=0.673088 | time=0.24s
2026-09-13 07:17:56,888 | INFO | Epoch 359/500 | loss=0.674187 | lr=0.00004491 | best=0.673088 | time=0.23s
2026-09-13 07:17:57,345 | INFO | Epoch 360/500 | loss=0.672567 | lr=0.00004444 | best=0.672567 | time=0.23s
2026-09-13 07:17:57,591 | INFO | Epoch 361/500 | loss=0.673272 | lr=0.00004399 | best=0.672567 | time=0.24s
2026-09-13 07:17:57,823 | INFO | Epoch 362/500 | loss=0.673152 | lr=0.00004353 | best=0.672567 | time=0.23s
2026-09-13 07:17:58,052 | INFO | Epoch 363/500 | loss=0.673067 | lr=0.00004308 | best=0.672567 | time=0.22s
2026-09-13 07:17:58,469 | INFO | Epoch 364/500 | loss=0.672125 | lr=0.00004262 | best=0.672125 | time=0.22s
2026-09-13 07:17:58,715 | INFO | Epoch 365/500 | loss=0.672241 | lr=0.00004218 | best=0.672125 | time=0.24s
2026-09-13 07:17:59,158 | INFO | Epoch 366/500 | loss=0.671653 | lr=0.00004173 | best=0.671653 | time=0.23s
2026-09-13 07:17:59,409 | INFO | Epoch 367/500 | loss=0.672102 | lr=0.00004128 | best=0.671653 | time=0.24s
2026-09-13 07:18:00,022 | INFO | Epoch 368/500 | loss=0.670941 | lr=0.00004084 | best=0.670941 | time=0.24s
2026-09-13 07:18:00,598 | INFO | Epoch 369/500 | loss=0.670639 | lr=0.00004040 | best=0.670639 | time=0.24s
2026-09-13 07:18:01,261 | INFO | Epoch 370/500 | loss=0.669883 | lr=0.00003997 | best=0.669883 | time=0.24s
2026-09-13 07:18:01,690 | INFO | Epoch 371/500 | loss=0.669627 | lr=0.00003953 | best=0.669627 | time=0.24s
2026-09-13 07:18:01,928 | INFO | Epoch 372/500 | loss=0.670945 | lr=0.00003910 | best=0.669627 | time=0.23s
2026-09-13 07:18:02,512 | INFO | Epoch 373/500 | loss=0.668396 | lr=0.00003867 | best=0.668396 | time=0.22s
2026-09-13 07:18:02,981 | INFO | Epoch 374/500 | loss=0.667702 | lr=0.00003825 | best=0.667702 | time=0.24s
2026-09-13 07:18:03,227 | INFO | Epoch 375/500 | loss=0.669888 | lr=0.00003782 | best=0.667702 | time=0.24s
2026-09-13 07:18:03,462 | INFO | Epoch 376/500 | loss=0.669925 | lr=0.00003740 | best=0.667702 | time=0.23s
2026-09-13 07:18:03,698 | INFO | Epoch 377/500 | loss=0.668985 | lr=0.00003699 | best=0.667702 | time=0.23s
2026-09-13 07:18:03,931 | INFO | Epoch 378/500 | loss=0.669543 | lr=0.00003657 | best=0.667702 | time=0.23s
2026-09-13 07:18:04,183 | INFO | Epoch 379/500 | loss=0.669032 | lr=0.00003616 | best=0.667702 | time=0.23s
2026-09-13 07:18:04,426 | INFO | Epoch 380/500 | loss=0.668144 | lr=0.00003575 | best=0.667702 | time=0.24s
2026-09-13 07:18:04,660 | INFO | Epoch 381/500 | loss=0.668463 | lr=0.00003534 | best=0.667702 | time=0.23s
2026-09-13 07:18:05,120 | INFO | Epoch 382/500 | loss=0.667693 | lr=0.00003494 | best=0.667693 | time=0.23s
2026-09-13 07:18:05,369 | INFO | Epoch 383/500 | loss=0.668399 | lr=0.00003453 | best=0.667693 | time=0.25s
2026-09-13 07:18:05,609 | INFO | Epoch 384/500 | loss=0.668104 | lr=0.00003414 | best=0.667693 | time=0.23s
2026-09-13 07:18:05,842 | INFO | Epoch 385/500 | loss=0.668062 | lr=0.00003374 | best=0.667693 | time=0.23s
2026-09-13 07:18:06,269 | INFO | Epoch 386/500 | loss=0.667172 | lr=0.00003335 | best=0.667172 | time=0.23s
2026-09-13 07:18:06,710 | INFO | Epoch 387/500 | loss=0.666351 | lr=0.00003296 | best=0.666351 | time=0.24s
2026-09-13 07:18:07,254 | INFO | Epoch 388/500 | loss=0.666073 | lr=0.00003257 | best=0.666073 | time=0.26s
2026-09-13 07:18:07,763 | INFO | Epoch 389/500 | loss=0.665180 | lr=0.00003218 | best=0.665180 | time=0.24s
2026-09-13 07:18:08,010 | INFO | Epoch 390/500 | loss=0.665306 | lr=0.00003180 | best=0.665180 | time=0.24s
2026-09-13 07:18:08,255 | INFO | Epoch 391/500 | loss=0.666352 | lr=0.00003142 | best=0.665180 | time=0.24s
2026-09-13 07:18:08,665 | INFO | Epoch 392/500 | loss=0.664616 | lr=0.00003105 | best=0.664616 | time=0.23s
2026-09-13 07:18:08,913 | INFO | Epoch 393/500 | loss=0.665515 | lr=0.00003067 | best=0.664616 | time=0.24s
2026-09-13 07:18:09,146 | INFO | Epoch 394/500 | loss=0.666047 | lr=0.00003030 | best=0.664616 | time=0.23s
2026-09-13 07:18:09,380 | INFO | Epoch 395/500 | loss=0.664629 | lr=0.00002994 | best=0.664616 | time=0.23s
2026-09-13 07:18:09,830 | INFO | Epoch 396/500 | loss=0.663727 | lr=0.00002957 | best=0.663727 | time=0.23s
2026-09-13 07:18:10,363 | INFO | Epoch 397/500 | loss=0.663357 | lr=0.00002921 | best=0.663357 | time=0.24s
2026-09-13 07:18:10,611 | INFO | Epoch 398/500 | loss=0.664813 | lr=0.00002885 | best=0.663357 | time=0.24s
2026-09-13 07:18:11,172 | INFO | Epoch 399/500 | loss=0.663211 | lr=0.00002850 | best=0.663211 | time=0.23s
2026-09-13 07:18:11,423 | INFO | Epoch 400/500 | loss=0.664253 | lr=0.00002814 | best=0.663211 | time=0.25s
2026-09-13 07:18:11,663 | INFO | Epoch 401/500 | loss=0.663964 | lr=0.00002779 | best=0.663211 | time=0.23s
2026-09-13 07:18:11,897 | INFO | Epoch 402/500 | loss=0.663251 | lr=0.00002745 | best=0.663211 | time=0.23s
2026-09-13 07:18:12,418 | INFO | Epoch 403/500 | loss=0.662966 | lr=0.00002710 | best=0.662966 | time=0.23s
2026-09-13 07:18:12,666 | INFO | Epoch 404/500 | loss=0.663293 | lr=0.00002676 | best=0.662966 | time=0.24s
2026-09-13 07:18:12,909 | INFO | Epoch 405/500 | loss=0.664066 | lr=0.00002643 | best=0.662966 | time=0.23s
2026-09-13 07:18:13,410 | INFO | Epoch 406/500 | loss=0.662636 | lr=0.00002609 | best=0.662636 | time=0.23s
2026-09-13 07:18:13,657 | INFO | Epoch 407/500 | loss=0.662726 | lr=0.00002576 | best=0.662636 | time=0.24s
2026-09-13 07:18:13,896 | INFO | Epoch 408/500 | loss=0.662734 | lr=0.00002543 | best=0.662636 | time=0.23s
2026-09-13 07:18:14,130 | INFO | Epoch 409/500 | loss=0.663130 | lr=0.00002511 | best=0.662636 | time=0.23s
2026-09-13 07:18:14,536 | INFO | Epoch 410/500 | loss=0.661706 | lr=0.00002479 | best=0.661706 | time=0.22s
2026-09-13 07:18:14,782 | INFO | Epoch 411/500 | loss=0.663075 | lr=0.00002447 | best=0.661706 | time=0.24s
2026-09-13 07:18:15,013 | INFO | Epoch 412/500 | loss=0.662344 | lr=0.00002416 | best=0.661706 | time=0.23s
2026-09-13 07:18:15,243 | INFO | Epoch 413/500 | loss=0.662798 | lr=0.00002384 | best=0.661706 | time=0.23s
2026-09-13 07:18:15,642 | INFO | Epoch 414/500 | loss=0.661574 | lr=0.00002353 | best=0.661574 | time=0.23s
2026-09-13 07:18:16,065 | INFO | Epoch 415/500 | loss=0.661275 | lr=0.00002323 | best=0.661275 | time=0.24s
2026-09-13 07:18:16,310 | INFO | Epoch 416/500 | loss=0.662312 | lr=0.00002293 | best=0.661275 | time=0.24s
2026-09-13 07:18:16,541 | INFO | Epoch 417/500 | loss=0.661532 | lr=0.00002263 | best=0.661275 | time=0.22s
2026-09-13 07:18:16,770 | INFO | Epoch 418/500 | loss=0.661661 | lr=0.00002233 | best=0.661275 | time=0.22s
2026-09-13 07:18:17,194 | INFO | Epoch 419/500 | loss=0.661155 | lr=0.00002204 | best=0.661155 | time=0.22s
2026-09-13 07:18:17,613 | INFO | Epoch 420/500 | loss=0.660453 | lr=0.00002175 | best=0.660453 | time=0.24s
2026-09-13 07:18:17,856 | INFO | Epoch 421/500 | loss=0.660505 | lr=0.00002146 | best=0.660453 | time=0.24s
2026-09-13 07:18:18,090 | INFO | Epoch 422/500 | loss=0.661005 | lr=0.00002118 | best=0.660453 | time=0.23s
2026-09-13 07:18:18,613 | INFO | Epoch 423/500 | loss=0.659160 | lr=0.00002090 | best=0.659160 | time=0.22s
2026-09-13 07:18:18,858 | INFO | Epoch 424/500 | loss=0.660057 | lr=0.00002063 | best=0.659160 | time=0.24s
2026-09-13 07:18:19,090 | INFO | Epoch 425/500 | loss=0.660565 | lr=0.00002035 | best=0.659160 | time=0.23s
2026-09-13 07:18:19,320 | INFO | Epoch 426/500 | loss=0.660877 | lr=0.00002009 | best=0.659160 | time=0.23s
2026-09-13 07:18:19,550 | INFO | Epoch 427/500 | loss=0.660046 | lr=0.00001982 | best=0.659160 | time=0.23s
2026-09-13 07:18:19,779 | INFO | Epoch 428/500 | loss=0.660408 | lr=0.00001956 | best=0.659160 | time=0.22s
2026-09-13 07:18:20,010 | INFO | Epoch 429/500 | loss=0.660467 | lr=0.00001930 | best=0.659160 | time=0.22s
2026-09-13 07:18:20,241 | INFO | Epoch 430/500 | loss=0.660598 | lr=0.00001904 | best=0.659160 | time=0.23s
2026-09-13 07:18:20,532 | INFO | Epoch 431/500 | loss=0.659326 | lr=0.00001879 | best=0.659160 | time=0.23s
2026-09-13 07:18:20,784 | INFO | Epoch 432/500 | loss=0.659646 | lr=0.00001854 | best=0.659160 | time=0.25s
2026-09-13 07:18:21,027 | INFO | Epoch 433/500 | loss=0.661088 | lr=0.00001829 | best=0.659160 | time=0.24s
2026-09-13 07:18:21,475 | INFO | Epoch 434/500 | loss=0.659075 | lr=0.00001805 | best=0.659075 | time=0.23s
2026-09-13 07:18:21,725 | INFO | Epoch 435/500 | loss=0.659529 | lr=0.00001781 | best=0.659075 | time=0.25s
2026-09-13 07:18:21,963 | INFO | Epoch 436/500 | loss=0.659748 | lr=0.00001758 | best=0.659075 | time=0.23s
2026-09-13 07:18:22,414 | INFO | Epoch 437/500 | loss=0.658447 | lr=0.00001735 | best=0.658447 | time=0.23s
2026-09-13 07:18:22,668 | INFO | Epoch 438/500 | loss=0.659562 | lr=0.00001712 | best=0.658447 | time=0.25s
2026-09-13 07:18:22,910 | INFO | Epoch 439/500 | loss=0.659335 | lr=0.00001689 | best=0.658447 | time=0.23s
2026-09-13 07:18:23,144 | INFO | Epoch 440/500 | loss=0.658668 | lr=0.00001667 | best=0.658447 | time=0.23s
2026-09-13 07:18:23,677 | INFO | Epoch 441/500 | loss=0.657727 | lr=0.00001645 | best=0.657727 | time=0.22s
2026-09-13 07:18:23,910 | INFO | Epoch 442/500 | loss=0.658454 | lr=0.00001624 | best=0.657727 | time=0.23s
2026-09-13 07:18:24,142 | INFO | Epoch 443/500 | loss=0.658380 | lr=0.00001603 | best=0.657727 | time=0.23s
2026-09-13 07:18:24,373 | INFO | Epoch 444/500 | loss=0.657830 | lr=0.00001582 | best=0.657727 | time=0.23s
2026-09-13 07:18:24,609 | INFO | Epoch 445/500 | loss=0.658203 | lr=0.00001562 | best=0.657727 | time=0.23s
2026-09-13 07:18:24,843 | INFO | Epoch 446/500 | loss=0.658110 | lr=0.00001542 | best=0.657727 | time=0.23s
2026-09-13 07:18:25,235 | INFO | Epoch 447/500 | loss=0.657425 | lr=0.00001522 | best=0.657425 | time=0.22s
2026-09-13 07:18:25,515 | INFO | Epoch 448/500 | loss=0.657559 | lr=0.00001503 | best=0.657425 | time=0.25s
2026-09-13 07:18:25,949 | INFO | Epoch 449/500 | loss=0.656644 | lr=0.00001484 | best=0.656644 | time=0.24s
2026-09-13 07:18:26,388 | INFO | Epoch 450/500 | loss=0.655967 | lr=0.00001465 | best=0.655967 | time=0.25s
2026-09-13 07:18:26,632 | INFO | Epoch 451/500 | loss=0.658313 | lr=0.00001447 | best=0.655967 | time=0.24s
2026-09-13 07:18:26,872 | INFO | Epoch 452/500 | loss=0.655985 | lr=0.00001429 | best=0.655967 | time=0.22s
2026-09-13 07:18:27,293 | INFO | Epoch 453/500 | loss=0.655834 | lr=0.00001411 | best=0.655834 | time=0.23s
2026-09-13 07:18:27,539 | INFO | Epoch 454/500 | loss=0.656833 | lr=0.00001394 | best=0.655834 | time=0.24s
2026-09-13 07:18:27,780 | INFO | Epoch 455/500 | loss=0.656127 | lr=0.00001377 | best=0.655834 | time=0.24s
2026-09-13 07:18:28,021 | INFO | Epoch 456/500 | loss=0.657211 | lr=0.00001361 | best=0.655834 | time=0.24s
2026-09-13 07:18:28,251 | INFO | Epoch 457/500 | loss=0.657632 | lr=0.00001345 | best=0.655834 | time=0.23s
2026-09-13 07:18:28,477 | INFO | Epoch 458/500 | loss=0.656190 | lr=0.00001329 | best=0.655834 | time=0.22s
2026-09-13 07:18:28,709 | INFO | Epoch 459/500 | loss=0.656675 | lr=0.00001313 | best=0.655834 | time=0.22s
2026-09-13 07:18:28,910 | INFO | Epoch 460/500 | loss=0.656939 | lr=0.00001298 | best=0.655834 | time=0.20s
2026-09-13 07:18:29,109 | INFO | Epoch 461/500 | loss=0.656311 | lr=0.00001284 | best=0.655834 | time=0.19s
2026-09-13 07:18:29,531 | INFO | Epoch 462/500 | loss=0.655689 | lr=0.00001269 | best=0.655689 | time=0.22s
2026-09-13 07:18:29,780 | INFO | Epoch 463/500 | loss=0.656463 | lr=0.00001256 | best=0.655689 | time=0.24s
2026-09-13 07:18:30,018 | INFO | Epoch 464/500 | loss=0.655802 | lr=0.00001242 | best=0.655689 | time=0.23s
2026-09-13 07:18:30,428 | INFO | Epoch 465/500 | loss=0.655582 | lr=0.00001229 | best=0.655582 | time=0.23s
2026-09-13 07:18:30,673 | INFO | Epoch 466/500 | loss=0.655941 | lr=0.00001216 | best=0.655582 | time=0.24s
2026-09-13 07:18:30,909 | INFO | Epoch 467/500 | loss=0.655927 | lr=0.00001203 | best=0.655582 | time=0.23s
2026-09-13 07:18:31,321 | INFO | Epoch 468/500 | loss=0.654642 | lr=0.00001191 | best=0.654642 | time=0.23s
2026-09-13 07:18:31,565 | INFO | Epoch 469/500 | loss=0.655006 | lr=0.00001180 | best=0.654642 | time=0.24s
2026-09-13 07:18:32,023 | INFO | Epoch 470/500 | loss=0.654586 | lr=0.00001168 | best=0.654586 | time=0.23s
2026-09-13 07:18:32,622 | INFO | Epoch 471/500 | loss=0.654187 | lr=0.00001157 | best=0.654187 | time=0.24s
2026-09-13 07:18:32,865 | INFO | Epoch 472/500 | loss=0.654765 | lr=0.00001147 | best=0.654187 | time=0.24s
2026-09-13 07:18:33,107 | INFO | Epoch 473/500 | loss=0.654602 | lr=0.00001136 | best=0.654187 | time=0.23s
2026-09-13 07:18:33,343 | INFO | Epoch 474/500 | loss=0.656102 | lr=0.00001126 | best=0.654187 | time=0.23s
2026-09-13 07:18:33,582 | INFO | Epoch 475/500 | loss=0.654605 | lr=0.00001117 | best=0.654187 | time=0.23s
2026-09-13 07:18:33,824 | INFO | Epoch 476/500 | loss=0.654441 | lr=0.00001108 | best=0.654187 | time=0.24s
2026-09-13 07:18:34,058 | INFO | Epoch 477/500 | loss=0.655213 | lr=0.00001099 | best=0.654187 | time=0.23s
2026-09-13 07:18:34,467 | INFO | Epoch 478/500 | loss=0.654165 | lr=0.00001091 | best=0.654165 | time=0.23s
2026-09-13 07:18:35,011 | INFO | Epoch 479/500 | loss=0.652484 | lr=0.00001083 | best=0.652484 | time=0.23s
2026-09-13 07:18:35,254 | INFO | Epoch 480/500 | loss=0.655118 | lr=0.00001075 | best=0.652484 | time=0.24s
2026-09-13 07:18:35,492 | INFO | Epoch 481/500 | loss=0.655766 | lr=0.00001068 | best=0.652484 | time=0.23s
2026-09-13 07:18:35,727 | INFO | Epoch 482/500 | loss=0.653765 | lr=0.00001061 | best=0.652484 | time=0.23s
2026-09-13 07:18:35,962 | INFO | Epoch 483/500 | loss=0.653736 | lr=0.00001054 | best=0.652484 | time=0.23s
2026-09-13 07:18:36,192 | INFO | Epoch 484/500 | loss=0.654472 | lr=0.00001048 | best=0.652484 | time=0.22s
2026-09-13 07:18:36,429 | INFO | Epoch 485/500 | loss=0.653637 | lr=0.00001042 | best=0.652484 | time=0.23s
2026-09-13 07:18:36,662 | INFO | Epoch 486/500 | loss=0.654263 | lr=0.00001037 | best=0.652484 | time=0.23s
2026-09-13 07:18:36,899 | INFO | Epoch 487/500 | loss=0.653232 | lr=0.00001032 | best=0.652484 | time=0.23s
2026-09-13 07:18:37,155 | INFO | Epoch 488/500 | loss=0.654434 | lr=0.00001027 | best=0.652484 | time=0.25s
2026-09-13 07:18:37,391 | INFO | Epoch 489/500 | loss=0.653981 | lr=0.00001023 | best=0.652484 | time=0.23s
2026-09-13 07:18:37,625 | INFO | Epoch 490/500 | loss=0.653350 | lr=0.00001019 | best=0.652484 | time=0.23s
2026-09-13 07:18:38,063 | INFO | Epoch 491/500 | loss=0.652256 | lr=0.00001015 | best=0.652256 | time=0.23s
2026-09-13 07:18:38,309 | INFO | Epoch 492/500 | loss=0.653524 | lr=0.00001012 | best=0.652256 | time=0.24s
2026-09-13 07:18:38,546 | INFO | Epoch 493/500 | loss=0.653576 | lr=0.00001009 | best=0.652256 | time=0.23s
2026-09-13 07:18:38,785 | INFO | Epoch 494/500 | loss=0.653220 | lr=0.00001007 | best=0.652256 | time=0.24s
2026-09-13 07:18:39,210 | INFO | Epoch 495/500 | loss=0.652188 | lr=0.00001005 | best=0.652188 | time=0.23s
2026-09-13 07:18:39,429 | INFO | Epoch 496/500 | loss=0.653777 | lr=0.00001003 | best=0.652188 | time=0.21s
2026-09-13 07:18:39,639 | INFO | Epoch 497/500 | loss=0.652351 | lr=0.00001002 | best=0.652188 | time=0.20s
2026-09-13 07:18:39,852 | INFO | Epoch 498/500 | loss=0.652718 | lr=0.00001001 | best=0.652188 | time=0.21s
2026-09-13 07:18:40,425 | INFO | Epoch 499/500 | loss=0.652033 | lr=0.00001000 | best=0.652033 | time=0.22s
2026-09-13 07:18:40,674 | INFO | Epoch 500/500 | loss=0.652676 | lr=0.00001000 | best=0.652033 | time=0.24s
2026-09-13 07:18:40,920 | INFO | Channel score network training complete. Total time: 192.67s
2026-09-13 07:18:40,940 | INFO | Summary written to logs/runpod_minimal_20260913_071527_summary.json
2026-09-13 07:18:40,941 | INFO | Per-epoch metrics CSV: logs/runpod_minimal_20260913_071527_metrics.csv
2026-09-13 07:18:40,941 | INFO | Full log: logs/runpod_minimal_20260913_071527.log
